This is pdfTeX, Version 3.141592653-2.6-1.40.25 (TeX Live 2023/Debian) (preloaded format=pdflatex 2024.9.21)  20 SEP 2026 21:54
entering extended mode
 restricted \write18 enabled.
 %&-line parsing enabled.
**source.tex
(./source.tex
LaTeX2e <2023-11-01> patch level 1
L3 programming layer <2024-01-22>
(/usr/share/texlive/texmf-dist/tex/latex/base/article.cls
Document Class: article 2023/05/17 v1.4n Standard LaTeX document class
(/usr/share/texlive/texmf-dist/tex/latex/base/size10.clo
File: size10.clo 2023/05/17 v1.4n Standard LaTeX file (size option)
)
\c@part=\count187
\c@section=\count188
\c@subsection=\count189
\c@subsubsection=\count190
\c@paragraph=\count191
\c@subparagraph=\count192
\c@figure=\count193
\c@table=\count194
\abovecaptionskip=\skip48
\belowcaptionskip=\skip49
\bibindent=\dimen140
)
(/usr/share/texmf/tex/latex/html/html.sty
(/usr/share/texlive/texmf-dist/tex/latex/hyperref/hyperref.sty
Package: hyperref 2024-01-20 v7.01h Hypertext links for LaTeX

(/usr/share/texlive/texmf-dist/tex/generic/iftex/iftex.sty
Package: iftex 2022/02/03 v1.0f TeX engine tests
)
(/usr/share/texlive/texmf-dist/tex/latex/graphics/keyval.sty
Package: keyval 2022/05/29 v1.15 key=value parser (DPC)
\KV@toks@=\toks17
)
(/usr/share/texlive/texmf-dist/tex/latex/kvsetkeys/kvsetkeys.sty
Package: kvsetkeys 2022-10-05 v1.19 Key value parser (HO)
)
(/usr/share/texlive/texmf-dist/tex/generic/kvdefinekeys/kvdefinekeys.sty
Package: kvdefinekeys 2019-12-19 v1.6 Define keys (HO)
)
(/usr/share/texlive/texmf-dist/tex/generic/pdfescape/pdfescape.sty
Package: pdfescape 2019/12/09 v1.15 Implements pdfTeX's escape features (HO)

(/usr/share/texlive/texmf-dist/tex/generic/ltxcmds/ltxcmds.sty
Package: ltxcmds 2023-12-04 v1.26 LaTeX kernel commands for general use (HO)
)
(/usr/share/texlive/texmf-dist/tex/generic/pdftexcmds/pdftexcmds.sty
Package: pdftexcmds 2020-06-27 v0.33 Utility functions of pdfTeX for LuaTeX (HO
)

(/usr/share/texlive/texmf-dist/tex/generic/infwarerr/infwarerr.sty
Package: infwarerr 2019/12/03 v1.5 Providing info/warning/error messages (HO)
)
Package pdftexcmds Info: \pdf@primitive is available.
Package pdftexcmds Info: \pdf@ifprimitive is available.
Package pdftexcmds Info: \pdfdraftmode found.
))
(/usr/share/texlive/texmf-dist/tex/latex/hycolor/hycolor.sty
Package: hycolor 2020-01-27 v1.10 Color options for hyperref/bookmark (HO)
)
(/usr/share/texlive/texmf-dist/tex/latex/auxhook/auxhook.sty
Package: auxhook 2019-12-17 v1.6 Hooks for auxiliary files (HO)
)
(/usr/share/texlive/texmf-dist/tex/latex/hyperref/nameref.sty
Package: nameref 2023-11-26 v2.56 Cross-referencing by name of section

(/usr/share/texlive/texmf-dist/tex/latex/refcount/refcount.sty
Package: refcount 2019/12/15 v3.6 Data extraction from label references (HO)
)
(/usr/share/texlive/texmf-dist/tex/generic/gettitlestring/gettitlestring.sty
Package: gettitlestring 2019/12/15 v1.6 Cleanup title references (HO)

(/usr/share/texlive/texmf-dist/tex/latex/kvoptions/kvoptions.sty
Package: kvoptions 2022-06-15 v3.15 Key value format for package options (HO)
))
\c@section@level=\count195
)
(/usr/share/texlive/texmf-dist/tex/latex/etoolbox/etoolbox.sty
Package: etoolbox 2020/10/05 v2.5k e-TeX tools for LaTeX (JAW)
\etb@tempcnta=\count196
)
\@linkdim=\dimen141
\Hy@linkcounter=\count197
\Hy@pagecounter=\count198

(/usr/share/texlive/texmf-dist/tex/latex/hyperref/pd1enc.def
File: pd1enc.def 2024-01-20 v7.01h Hyperref: PDFDocEncoding definition (HO)
Now handling font encoding PD1 ...
... no UTF-8 mapping file for font encoding PD1
)
(/usr/share/texlive/texmf-dist/tex/generic/intcalc/intcalc.sty
Package: intcalc 2019/12/15 v1.3 Expandable calculations with integers (HO)
)
\Hy@SavedSpaceFactor=\count199

(/usr/share/texlive/texmf-dist/tex/latex/hyperref/puenc.def
File: puenc.def 2024-01-20 v7.01h Hyperref: PDF Unicode definition (HO)
Now handling font encoding PU ...
... no UTF-8 mapping file for font encoding PU
)
Package hyperref Info: Hyper figures OFF on input line 4179.
Package hyperref Info: Link nesting OFF on input line 4184.
Package hyperref Info: Hyper index ON on input line 4187.
Package hyperref Info: Plain pages OFF on input line 4194.
Package hyperref Info: Backreferencing OFF on input line 4199.
Package hyperref Info: Implicit mode ON; LaTeX internals redefined.
Package hyperref Info: Bookmarks ON on input line 4446.
\c@Hy@tempcnt=\count266

(/usr/share/texlive/texmf-dist/tex/latex/url/url.sty
\Urlmuskip=\muskip16
Package: url 2013/09/16  ver 3.4  Verb mode for urls, etc.
)
LaTeX Info: Redefining \url on input line 4784.
\XeTeXLinkMargin=\dimen142

(/usr/share/texlive/texmf-dist/tex/generic/bitset/bitset.sty
Package: bitset 2019/12/09 v1.3 Handle bit-vector datatype (HO)

(/usr/share/texlive/texmf-dist/tex/generic/bigintcalc/bigintcalc.sty
Package: bigintcalc 2019/12/15 v1.5 Expandable calculations on big integers (HO
)
))
\Fld@menulength=\count267
\Field@Width=\dimen143
\Fld@charsize=\dimen144
Package hyperref Info: Hyper figures OFF on input line 6063.
Package hyperref Info: Link nesting OFF on input line 6068.
Package hyperref Info: Hyper index ON on input line 6071.
Package hyperref Info: backreferencing OFF on input line 6078.
Package hyperref Info: Link coloring OFF on input line 6083.
Package hyperref Info: Link coloring with OCG OFF on input line 6088.
Package hyperref Info: PDF/A mode OFF on input line 6093.

(/usr/share/texlive/texmf-dist/tex/latex/base/atbegshi-ltx.sty
Package: atbegshi-ltx 2021/01/10 v1.0c Emulation of the original atbegshi
package with kernel methods
)
\Hy@abspage=\count268
\c@Item=\count269
\c@Hfootnote=\count270
)
Package hyperref Info: Driver: hpdftex.

(/usr/share/texlive/texmf-dist/tex/latex/hyperref/hpdftex.def
File: hpdftex.def 2024-01-20 v7.01h Hyperref driver for pdfTeX

(/usr/share/texlive/texmf-dist/tex/latex/base/atveryend-ltx.sty
Package: atveryend-ltx 2020/08/19 v1.0a Emulation of the original atveryend pac
kage
with kernel methods
)
\Fld@listcount=\count271
\c@bookmark@seq@number=\count272

(/usr/share/texlive/texmf-dist/tex/latex/rerunfilecheck/rerunfilecheck.sty
Package: rerunfilecheck 2022-07-10 v1.10 Rerun checks for auxiliary files (HO)

(/usr/share/texlive/texmf-dist/tex/generic/uniquecounter/uniquecounter.sty
Package: uniquecounter 2019/12/15 v1.4 Provide unlimited unique counter (HO)
)
Package uniquecounter Info: New unique counter `rerunfilecheck' on input line 2
85.
)
\Hy@SectionHShift=\skip50
)
Package: html 1999/07/19 v1.38 hypertext commands for latex2html (nd, hws, rrm)

\c@lpart=\count273
\c@lchapter=\count274
\c@chapter=\count275
\c@lsection=\count276
\c@lsubsection=\count277
\c@lsubsubsection=\count278
\c@lparagraph=\count279
\c@lsubparagraph=\count280
\c@lsubsubparagraph=\count281
\ptrfile=\write3
)
(/usr/share/texlive/texmf-dist/tex/latex/base/makeidx.sty
Package: makeidx 2021/10/04 v1.0m Standard LaTeX package
)
(/usr/share/texlive/texmf-dist/tex/generic/epsf/epsf.sty
This is `epsf.tex' v2.7.4 <14 February 2011>
\epsffilein=\read2
\epsfframemargin=\dimen145
\epsfframethickness=\dimen146
\epsfrsize=\dimen147
\epsftmp=\dimen148
\epsftsize=\dimen149
\epsfxsize=\dimen150
\epsfysize=\dimen151
\pspoints=\dimen152
) (/usr/share/texlive/texmf-dist/tex/latex/graphics/graphicx.sty
Package: graphicx 2021/09/16 v1.2d Enhanced LaTeX Graphics (DPC,SPQR)

(/usr/share/texlive/texmf-dist/tex/latex/graphics/graphics.sty
Package: graphics 2022/03/10 v1.4e Standard LaTeX Graphics (DPC,SPQR)

(/usr/share/texlive/texmf-dist/tex/latex/graphics/trig.sty
Package: trig 2021/08/11 v1.11 sin cos tan (DPC)
)
(/usr/share/texlive/texmf-dist/tex/latex/graphics-cfg/graphics.cfg
File: graphics.cfg 2016/06/04 v1.11 sample graphics configuration
)
Package graphics Info: Driver file: pdftex.def on input line 107.

(/usr/share/texlive/texmf-dist/tex/latex/graphics-def/pdftex.def
File: pdftex.def 2022/09/22 v1.2b Graphics/color driver for pdftex
))
\Gin@req@height=\dimen153
\Gin@req@width=\dimen154
)
(/usr/share/texlive/texmf-dist/tex/latex/amsfonts/amssymb.sty
Package: amssymb 2013/01/14 v3.01 AMS font symbols

(/usr/share/texlive/texmf-dist/tex/latex/amsfonts/amsfonts.sty
Package: amsfonts 2013/01/14 v3.01 Basic AMSFonts support
\@emptytoks=\toks18
\symAMSa=\mathgroup4
\symAMSb=\mathgroup5
LaTeX Font Info:    Redeclaring math symbol \hbar on input line 98.
LaTeX Font Info:    Overwriting math alphabet `\mathfrak' in version `bold'
(Font)                  U/euf/m/n --> U/euf/b/n on input line 106.
))
(/usr/share/texlive/texmf-dist/tex/latex/amsmath/amsmath.sty
Package: amsmath 2023/05/13 v2.17o AMS math features
\@mathmargin=\skip51

For additional information on amsmath, use the `?' option.
(/usr/share/texlive/texmf-dist/tex/latex/amsmath/amstext.sty
Package: amstext 2021/08/26 v2.01 AMS text

(/usr/share/texlive/texmf-dist/tex/latex/amsmath/amsgen.sty
File: amsgen.sty 1999/11/30 v2.0 generic functions
\@emptytoks=\toks19
\ex@=\dimen155
))
(/usr/share/texlive/texmf-dist/tex/latex/amsmath/amsbsy.sty
Package: amsbsy 1999/11/29 v1.2d Bold Symbols
\pmbraise@=\dimen156
)
(/usr/share/texlive/texmf-dist/tex/latex/amsmath/amsopn.sty
Package: amsopn 2022/04/08 v2.04 operator names
)
\inf@bad=\count282
LaTeX Info: Redefining \frac on input line 234.
\uproot@=\count283
\leftroot@=\count284
LaTeX Info: Redefining \overline on input line 399.
LaTeX Info: Redefining \colon on input line 410.
\classnum@=\count285
\DOTSCASE@=\count286
LaTeX Info: Redefining \ldots on input line 496.
LaTeX Info: Redefining \dots on input line 499.
LaTeX Info: Redefining \cdots on input line 620.
\Mathstrutbox@=\box51
\strutbox@=\box52
LaTeX Info: Redefining \big on input line 722.
LaTeX Info: Redefining \Big on input line 723.
LaTeX Info: Redefining \bigg on input line 724.
LaTeX Info: Redefining \Bigg on input line 725.
\big@size=\dimen157
LaTeX Font Info:    Redeclaring font encoding OML on input line 743.
LaTeX Font Info:    Redeclaring font encoding OMS on input line 744.
\macc@depth=\count287
LaTeX Info: Redefining \bmod on input line 905.
LaTeX Info: Redefining \pmod on input line 910.
LaTeX Info: Redefining \smash on input line 940.
LaTeX Info: Redefining \relbar on input line 970.
LaTeX Info: Redefining \Relbar on input line 971.
\c@MaxMatrixCols=\count288
\dotsspace@=\muskip17
\c@parentequation=\count289
\dspbrk@lvl=\count290
\tag@help=\toks20
\row@=\count291
\column@=\count292
\maxfields@=\count293
\andhelp@=\toks21
\eqnshift@=\dimen158
\alignsep@=\dimen159
\tagshift@=\dimen160
\tagwidth@=\dimen161
\totwidth@=\dimen162
\lineht@=\dimen163
\@envbody=\toks22
\multlinegap=\skip52
\multlinetaggap=\skip53
\mathdisplay@stack=\toks23
LaTeX Info: Redefining \[ on input line 2953.
LaTeX Info: Redefining \] on input line 2954.
)
(/usr/share/texlive/texmf-dist/tex/latex/mathtools/empheq.sty
Package: empheq 2017/03/31 v2.15 Emphasizing equations

(/usr/share/texlive/texmf-dist/tex/latex/mathtools/mhsetup.sty
Package: mhsetup 2021/03/18 v1.4 programming setup (MH)
)
(/usr/share/texlive/texmf-dist/tex/latex/mathtools/mathtools.sty
Package: mathtools 2022/06/29 v1.29 mathematical typesetting tools

(/usr/share/texlive/texmf-dist/tex/latex/tools/calc.sty
Package: calc 2023/07/08 v4.3 Infix arithmetic (KKT,FJ)
\calc@Acount=\count294
\calc@Bcount=\count295
\calc@Adimen=\dimen164
\calc@Bdimen=\dimen165
\calc@Askip=\skip54
\calc@Bskip=\skip55
LaTeX Info: Redefining \setlength on input line 80.
LaTeX Info: Redefining \addtolength on input line 81.
\calc@Ccount=\count296
\calc@Cskip=\skip56
)
\g_MT_multlinerow_int=\count297
\l_MT_multwidth_dim=\dimen166
\origjot=\skip57
\l_MT_shortvdotswithinadjustabove_dim=\dimen167
\l_MT_shortvdotswithinadjustbelow_dim=\dimen168
\l_MT_above_intertext_sep=\dimen169
\l_MT_below_intertext_sep=\dimen170
\l_MT_above_shortintertext_sep=\dimen171
\l_MT_below_shortintertext_sep=\dimen172
\xmathstrut@box=\box53
\xmathstrut@dim=\dimen173
)
\l_EQ_equationtype_int=\count298
\l_EQ_alignmentmode_int=\count299
\l_EQ_totalwidth_dim=\dimen174
\l_EQ_displaywidth_dim=\dimen175
\l_EQ_temp_linewidth_dim=\dimen176
\l_EQ_linewidth_dim=\dimen177
\EmphEqdelimitershortfall=\dimen178
\EmphEqdelimiterfactor=\count300
\g_EQ_toptag_height_dim=\dimen179
\g_EQ_bottomtag_depth_dim=\dimen180
\g_EQ_toprow_height_dim=\dimen181
\g_EQ_bottomrow_depth_dim=\dimen182
\g_EQ_widesttag_dim=\dimen183
\EQ_mathdisplay_box=\box54
\EQ_tag_box=\box55
\g_EQ_temprow_int=\count301
)
(/usr/share/texlive/texmf-dist/tex/latex/quoting/quoting.sty
Package: quoting 2014/01/28 v0.1c Consolidated environment for displayed text
\quo@toppartop=\skip58
)
\@indexfile=\write4
\openout4 = `source.idx'.


Writing index file source.idx
(/usr/share/texlive/texmf-dist/tex/latex/l3backend/l3backend-pdftex.def
File: l3backend-pdftex.def 2024-01-04 L3 backend support: PDF output (pdfTeX)
\l__color_backend_stack_int=\count302
\l__pdf_internal_box=\box56
)
(./source.aux)
\openout1 = `source.aux'.

LaTeX Font Info:    Checking defaults for OML/cmm/m/it on input line 60.
LaTeX Font Info:    ... okay on input line 60.
LaTeX Font Info:    Checking defaults for OMS/cmsy/m/n on input line 60.
LaTeX Font Info:    ... okay on input line 60.
LaTeX Font Info:    Checking defaults for OT1/cmr/m/n on input line 60.
LaTeX Font Info:    ... okay on input line 60.
LaTeX Font Info:    Checking defaults for T1/cmr/m/n on input line 60.
LaTeX Font Info:    ... okay on input line 60.
LaTeX Font Info:    Checking defaults for TS1/cmr/m/n on input line 60.
LaTeX Font Info:    ... okay on input line 60.
LaTeX Font Info:    Checking defaults for OMX/cmex/m/n on input line 60.
LaTeX Font Info:    ... okay on input line 60.
LaTeX Font Info:    Checking defaults for U/cmr/m/n on input line 60.
LaTeX Font Info:    ... okay on input line 60.
LaTeX Font Info:    Checking defaults for PD1/pdf/m/n on input line 60.
LaTeX Font Info:    ... okay on input line 60.
LaTeX Font Info:    Checking defaults for PU/pdf/m/n on input line 60.
LaTeX Font Info:    ... okay on input line 60.
Package hyperref Info: Link coloring OFF on input line 60.
 (./source.out) (./source.out)
\@outlinefile=\write5
\openout5 = `source.out'.


(/usr/share/texlive/texmf-dist/tex/context/base/mkii/supp-pdf.mkii
[Loading MPS to PDF converter (version 2006.09.02).]
\scratchcounter=\count303
\scratchdimen=\dimen184
\scratchbox=\box57
\nofMPsegments=\count304
\nofMParguments=\count305
\everyMPshowfont=\toks24
\MPscratchCnt=\count306
\MPscratchDim=\dimen185
\MPnumerator=\count307
\makeMPintoPDFobject=\count308
\everyMPtoPDFconversion=\toks25
) (/usr/share/texlive/texmf-dist/tex/latex/epstopdf-pkg/epstopdf-base.sty
Package: epstopdf-base 2020-01-24 v2.11 Base part for package epstopdf
Package epstopdf-base Info: Redefining graphics rule for `.eps' on input line 4
85.

(/usr/share/texlive/texmf-dist/tex/latex/latexconfig/epstopdf-sys.cfg
File: epstopdf-sys.cfg 2010/07/13 v1.3 Configuration of (r)epstopdf for TeX Liv
e
))
LaTeX Info: Redefining \[ on input line 60.
LaTeX Info: Redefining \] on input line 60.

[1

{/var/lib/texmf/fonts/map/pdftex/updmap/pdftex.map}]
LaTeX Font Info:    Trying to load font information for U+msa on input line 94.


(/usr/share/texlive/texmf-dist/tex/latex/amsfonts/umsa.fd
File: umsa.fd 2013/01/14 v3.01 AMS symbols A
)
LaTeX Font Info:    Trying to load font information for U+msb on input line 94.


(/usr/share/texlive/texmf-dist/tex/latex/amsfonts/umsb.fd
File: umsb.fd 2013/01/14 v3.01 AMS symbols B
) (./source.toc)
\tf@toc=\write6
\openout6 = `source.toc'.


[2]
<me1.jpg, id=62, 501.875pt x 282.05376pt>
File: me1.jpg Graphic file (type jpg)
<use me1.jpg>
Package pdftex.def Info: me1.jpg  used on input line 131.
(pdftex.def)             Requested size: 345.0pt x 193.89856pt.

Overfull \hbox (0.26448pt too wide) in paragraph at lines 143--144
\OT1/cmr/m/n/10 and Stochas-tic Ge-om-e-try: Non-Temporal and Tem-po-ral In-ter
-fer-ence Anal-
 []


Underfull \hbox (badness 10000) in paragraph at lines 143--144

 []


Overfull \hbox (13.36185pt too wide) in paragraph at lines 144--145
[]\OT1/cmr/m/n/10 2018, Mas-ter of Phi-los-o-phy, []``El-e-ment-timenetelm^^?a 
(Fi-nite El-e-ment Method),''[]
 []


Underfull \hbox (badness 10000) in paragraph at lines 145--146

 []

[3{/usr/share/texmf/fonts/enc/dvips/cm-super/cm-super-ts1.enc} <./me1.jpg>]
Overfull \hbox (10.69295pt too wide) in paragraph at lines 177--178
[]\OT1/cmr/m/n/10 PhD dis-ser-ta-tion (draft), ``Narrow-Beam LEO Com-mu-ni-ca-t
ions and Stochas-
 []


Overfull \hbox (185.44556pt too wide) in paragraph at lines 178--179
[]\OT1/cmr/m/n/10 Master's the-sis ``El-e-ment-timenetelm^^?a (The Fi-nite El-e
-ment Method),'' []https://helda.helsinki.fi/handle/10138/273474[],
 []


Overfull \hbox (124.38992pt too wide) in paragraph at lines 179--180
\OT1/cmr/m/n/10 Con-trol The-ory and its Ap-pli-ca-tions),'' []https://www.over
leaf.com/project/563b9dec737da16f65bd24f2[],
 []


Overfull \hbox (54.08437pt too wide) in paragraph at lines 180--181
\OT1/cmr/m/n/10 data,'' []https://www.dropbox.com/s/88pr2da24dil460/projektitos
aulijamina.jpg?dl=0[],
 []


Package hyperref Warning: Suppressing link with empty target on input line 186.



Package hyperref Warning: Suppressing link with empty target on input line 187.


[4]
<SGandML.png, id=89, 246.65529pt x 246.65529pt>
File: SGandML.png Graphic file (type png)
<use SGandML.png>
Package pdftex.def Info: SGandML.png  used on input line 204.
(pdftex.def)             Requested size: 345.0pt x 345.04028pt.
 [5 <./SGandML.png>]
<SGandMLsysmod.png, id=107, 650.43pt x 501.072pt>
File: SGandMLsysmod.png Graphic file (type png)
<use SGandMLsysmod.png>
Package pdftex.def Info: SGandMLsysmod.png  used on input line 240.
(pdftex.def)             Requested size: 345.0pt x 265.78098pt.

Overfull \hbox (32.3852pt too wide) detected at line 254
[]
 []


Overfull \hbox (3.2129pt too wide) in paragraph at lines 248--254
[]\OT1/cmr/m/n/10 The au-to-co-vari-ance $\OML/cmm/m/it/10 K[]\OT1/cmr/m/n/10 (
\OML/cmm/m/it/10 ^^\\OT1/cmr/m/n/10 ) \U/msa/m/n/10 , \U/msb/m/n/10 E []$
 []

[6] [7 <./SGandMLsysmod.png>]
<GPRvsMA.pdf, id=139, 722.7pt x 433.62pt>
File: GPRvsMA.pdf Graphic file (type pdf)
<use GPRvsMA.pdf>
Package pdftex.def Info: GPRvsMA.pdf  used on input line 289.
(pdftex.def)             Requested size: 345.0pt x 206.9972pt.
 [8] [9 <./GPRvsMA.pdf>]
Overfull \hbox (1.49698pt too wide) in paragraph at lines 463--463
[]\OT1/cmtt/m/n/10 indices = np.arange(0, int(T_obs / dt), int(sample_interval 
/ dt))[] 
 []


Overfull \hbox (6.74693pt too wide) in paragraph at lines 463--463
[]\OT1/cmtt/m/n/10 # Gamma marginal for P(t): mean=1, var=1/2 -> Gamma(k=2, the
ta=0.5)[] 
 []


Overfull \hbox (227.24501pt too wide) in paragraph at lines 463--463
[]\OT1/cmtt/m/n/10 # === 1. Construct latent Gaussian process for P(t) with cov
ariance C(tau) = k * exp(-D tau^2 log(2) / 2) ===[] 
 []


Overfull \hbox (17.24684pt too wide) in paragraph at lines 463--463
[]\OT1/cmtt/m/n/10 # # === 4. 100-sample moving average on sampled powers (0..T
_obs) ===[] 
 []

[10]
Overfull \hbox (48.74657pt too wide) in paragraph at lines 463--463
[]\OT1/cmtt/m/n/10 # Simple MA "forecast": extend last MA value flat from last 
t_ma to T_total[] 
 []


Overfull \hbox (132.74583pt too wide) in paragraph at lines 463--463
[]\OT1/cmtt/m/n/10 t_ma_forecast = np.arange(t_ma[-1], T_total + 1e-9, sample_i
nterval)  # 0.1 kHz grid to end[] 
 []


Overfull \hbox (6.74693pt too wide) in paragraph at lines 463--463
[]\OT1/cmtt/m/n/10 # Posterior mean: m_post(t) = mean_P + C_fs * K^{-1} * (z - 
mean_P)[] 
 []

[11]
Overfull \hbox (1.49698pt too wide) in paragraph at lines 463--463
[]\OT1/cmtt/m/n/10 fig, (ax1, ax2) = plt.subplots(2, 1, figsize=(10, 6), sharex
=True)[] 
 []


Overfull \hbox (11.99689pt too wide) in paragraph at lines 463--463
[]\OT1/cmtt/m/n/10 # ---------- Subplot (a): P(t), GPR forecast, MA forecast --
--------[] 
 []


Overfull \hbox (17.24684pt too wide) in paragraph at lines 463--463
[]\OT1/cmtt/m/n/10 ax1.plot(t, P, label='True signal power P(t)', color='C0', a
lpha=0.7)[] 
 []

LaTeX Font Info:    Trying to load font information for TS1+cmtt on input line 
463.
(/usr/share/texlive/texmf-dist/tex/latex/base/ts1cmtt.fd
File: ts1cmtt.fd 2023/04/13 v2.5m Standard LaTeX font definitions
)
Overfull \hbox (69.74638pt too wide) in paragraph at lines 463--463
[]\OT1/cmtt/m/n/10 ax1.plot(t, P_gp_mean, label='GPR prediction of P(t)', color
='C1', linewidth=2)[] 
 []


Overfull \hbox (48.74657pt too wide) in paragraph at lines 463--463
[]\OT1/cmtt/m/n/10 ax1.fill_between(t, P_gp_mean - 1.645*P_gp_std, P_gp_mean + 
1.645*P_gp_std,[] 
 []


Overfull \hbox (59.24648pt too wide) in paragraph at lines 463--463
[]\OT1/cmtt/m/n/10 ax1.plot(t_ma_forecast, power_ma_forecast, 'r--', label='MA 
forecast (flat)')[] 
 []


Overfull \hbox (48.74657pt too wide) in paragraph at lines 463--463
[]\OT1/cmtt/m/n/10 ax1.text(T_obs+0.05, ax1.get_ylim()[1]*0.9, 'Forecast region
', fontsize=12)[] 
 []


Overfull \hbox (200.99524pt too wide) in paragraph at lines 463--463
[]\OT1/cmtt/m/n/10 ax1.set_title('Fig 1(a): True P(t), GPR estimate & forecast,
 and 100-sample MA & forecast', fontsize=12)[] 
 []


Overfull \hbox (1.49698pt too wide) in paragraph at lines 463--463
[]\OT1/cmtt/m/n/10 ax2.plot(t, I, label='I(t) = X(t)\sqrt{P(t)}', color='tab:or
ange')[] 
 []


Overfull \hbox (137.99579pt too wide) in paragraph at lines 463--463
[]\OT1/cmtt/m/n/10 ax2.plot(t_sampled, I_sampled, 'ko', label='Samples of I(t) 
(0{7 s, 0.1 kHz)', markersize=1)[] 
 []


Overfull \hbox (179.99542pt too wide) in paragraph at lines 463--463
[]\OT1/cmtt/m/n/10 ax2.set_title('Fig 1(b): Non-stationary Gaussian noise I(t) 
with sampled observations', fontsize=12)[] 
 []

[12]
<satelliteinterference.png, id=245, 1197.273pt x 869.649pt>
File: satelliteinterference.png Graphic file (type png)
<use satelliteinterference.png>
Package pdftex.def Info: satelliteinterference.png  used on input line 487.
(pdftex.def)             Requested size: 345.0pt x 250.5861pt.

Overfull \hbox (29.19955pt too wide) detected at line 498
[]
 []


Overfull \hbox (29.19955pt too wide) detected at line 498
[]
 []

[13] [14 <./satelliteinterference.png>]

! LaTeX Error: Unknown graphics extension: .gif.

See the LaTeX manual or LaTeX Companion for explanation.
Type  H <return>  for immediate help.
 ...                                              
                                                  
l.514 ...ics[width=\linewidth]{basebandgifK10.gif}
                                                  
? 
! Emergency stop.
 ...                                              
                                                  
l.514 ...ics[width=\linewidth]{basebandgifK10.gif}
                                                  
Try typing  <return>  to proceed.
If that doesn't work, type  X <return>  to quit.

 
Here is how much of TeX's memory you used:
 11145 strings out of 475509
 172074 string characters out of 5776664
 1941975 words of memory out of 5000000
 33000 multiletter control sequences out of 15000+600000
 567385 words of font info for 72 fonts, out of 8000000 for 9000
 395 hyphenation exceptions out of 8191
 90i,24n,93p,1417b,621s stack positions out of 10000i,1000n,20000p,200000b,200000s
!  ==> Fatal error occurred, no output PDF file produced!
