This is pdfTeX, Version 3.141592653-2.6-1.40.25 (TeX Live 2023/Debian) (preloaded format=pdflatex 2025.6.9)  27 SEP 2026 12:19
entering extended mode
 restricted \write18 enabled.
 %&-line parsing enabled.
**./images.tex
(./images.tex
LaTeX2e <2023-11-01> patch level 1
L3 programming layer <2024-01-22>

(/usr/share/texlive/texmf-dist/tex/latex/base/article.cls
Document Class: article 2023/05/17 v1.4n Standard LaTeX document class
(/usr/share/texlive/texmf-dist/tex/latex/base/size10.clo
File: size10.clo 2023/05/17 v1.4n Standard LaTeX file (size option)
)
\c@part=\count187
\c@section=\count188
\c@subsection=\count189
\c@subsubsection=\count190
\c@paragraph=\count191
\c@subparagraph=\count192
\c@figure=\count193
\c@table=\count194
\abovecaptionskip=\skip48
\belowcaptionskip=\skip49
\bibindent=\dimen140
) (/usr/share/texlive/texmf-dist/tex/latex/base/ifthen.sty
Package: ifthen 2022/04/13 v1.1d Standard LaTeX ifthen package (DPC)
) (/usr/share/texmf/tex/latex/html/html.sty (/usr/share/texlive/texmf-dist/tex/
latex/hyperref/hyperref.sty
Package: hyperref 2024-01-20 v7.01h Hypertext links for LaTeX
(/usr/share/texlive/texmf-dist/tex/generic/iftex/iftex.sty
Package: iftex 2022/02/03 v1.0f TeX engine tests
) (/usr/share/texlive/texmf-dist/tex/latex/graphics/keyval.sty
Package: keyval 2022/05/29 v1.15 key=value parser (DPC)
\KV@toks@=\toks17
) (/usr/share/texlive/texmf-dist/tex/latex/kvsetkeys/kvsetkeys.sty
Package: kvsetkeys 2022-10-05 v1.19 Key value parser (HO)
) (/usr/share/texlive/texmf-dist/tex/generic/kvdefinekeys/kvdefinekeys.sty
Package: kvdefinekeys 2019-12-19 v1.6 Define keys (HO)
) (/usr/share/texlive/texmf-dist/tex/generic/pdfescape/pdfescape.sty
Package: pdfescape 2019/12/09 v1.15 Implements pdfTeX's escape features (HO)
(/usr/share/texlive/texmf-dist/tex/generic/ltxcmds/ltxcmds.sty
Package: ltxcmds 2023-12-04 v1.26 LaTeX kernel commands for general use (HO)
) (/usr/share/texlive/texmf-dist/tex/generic/pdftexcmds/pdftexcmds.sty
Package: pdftexcmds 2020-06-27 v0.33 Utility functions of pdfTeX for LuaTeX (HO
)
(/usr/share/texlive/texmf-dist/tex/generic/infwarerr/infwarerr.sty
Package: infwarerr 2019/12/03 v1.5 Providing info/warning/error messages (HO)
)
Package pdftexcmds Info: \pdf@primitive is available.
Package pdftexcmds Info: \pdf@ifprimitive is available.
Package pdftexcmds Info: \pdfdraftmode found.
)) (/usr/share/texlive/texmf-dist/tex/latex/hycolor/hycolor.sty
Package: hycolor 2020-01-27 v1.10 Color options for hyperref/bookmark (HO)
) (/usr/share/texlive/texmf-dist/tex/latex/auxhook/auxhook.sty
Package: auxhook 2019-12-17 v1.6 Hooks for auxiliary files (HO)
) (/usr/share/texlive/texmf-dist/tex/latex/hyperref/nameref.sty
Package: nameref 2023-11-26 v2.56 Cross-referencing by name of section
(/usr/share/texlive/texmf-dist/tex/latex/refcount/refcount.sty
Package: refcount 2019/12/15 v3.6 Data extraction from label references (HO)
) (/usr/share/texlive/texmf-dist/tex/generic/gettitlestring/gettitlestring.sty
Package: gettitlestring 2019/12/15 v1.6 Cleanup title references (HO)
(/usr/share/texlive/texmf-dist/tex/latex/kvoptions/kvoptions.sty
Package: kvoptions 2022-06-15 v3.15 Key value format for package options (HO)
))
\c@section@level=\count195
) (/usr/share/texlive/texmf-dist/tex/latex/etoolbox/etoolbox.sty
Package: etoolbox 2020/10/05 v2.5k e-TeX tools for LaTeX (JAW)
\etb@tempcnta=\count196
)
\@linkdim=\dimen141
\Hy@linkcounter=\count197
\Hy@pagecounter=\count198
(/usr/share/texlive/texmf-dist/tex/latex/hyperref/pd1enc.def
File: pd1enc.def 2024-01-20 v7.01h Hyperref: PDFDocEncoding definition (HO)
Now handling font encoding PD1 ...
... no UTF-8 mapping file for font encoding PD1
) (/usr/share/texlive/texmf-dist/tex/generic/intcalc/intcalc.sty
Package: intcalc 2019/12/15 v1.3 Expandable calculations with integers (HO)
)
\Hy@SavedSpaceFactor=\count199
(/usr/share/texlive/texmf-dist/tex/latex/hyperref/puenc.def
File: puenc.def 2024-01-20 v7.01h Hyperref: PDF Unicode definition (HO)
Now handling font encoding PU ...
... no UTF-8 mapping file for font encoding PU
)
Package hyperref Info: Hyper figures OFF on input line 4179.
Package hyperref Info: Link nesting OFF on input line 4184.
Package hyperref Info: Hyper index ON on input line 4187.
Package hyperref Info: Plain pages OFF on input line 4194.
Package hyperref Info: Backreferencing OFF on input line 4199.
Package hyperref Info: Implicit mode ON; LaTeX internals redefined.
Package hyperref Info: Bookmarks ON on input line 4446.
\c@Hy@tempcnt=\count266
(/usr/share/texlive/texmf-dist/tex/latex/url/url.sty
\Urlmuskip=\muskip16
Package: url 2013/09/16  ver 3.4  Verb mode for urls, etc.
)
LaTeX Info: Redefining \url on input line 4784.
\XeTeXLinkMargin=\dimen142
(/usr/share/texlive/texmf-dist/tex/generic/bitset/bitset.sty
Package: bitset 2019/12/09 v1.3 Handle bit-vector datatype (HO)
(/usr/share/texlive/texmf-dist/tex/generic/bigintcalc/bigintcalc.sty
Package: bigintcalc 2019/12/15 v1.5 Expandable calculations on big integers (HO
)
))
\Fld@menulength=\count267
\Field@Width=\dimen143
\Fld@charsize=\dimen144
Package hyperref Info: Hyper figures OFF on input line 6063.
Package hyperref Info: Link nesting OFF on input line 6068.
Package hyperref Info: Hyper index ON on input line 6071.
Package hyperref Info: backreferencing OFF on input line 6078.
Package hyperref Info: Link coloring OFF on input line 6083.
Package hyperref Info: Link coloring with OCG OFF on input line 6088.
Package hyperref Info: PDF/A mode OFF on input line 6093.
(/usr/share/texlive/texmf-dist/tex/latex/base/atbegshi-ltx.sty
Package: atbegshi-ltx 2021/01/10 v1.0c Emulation of the original atbegshi
package with kernel methods
)
\Hy@abspage=\count268
\c@Item=\count269
\c@Hfootnote=\count270
)
Package hyperref Info: Driver: hpdftex.
(/usr/share/texlive/texmf-dist/tex/latex/hyperref/hpdftex.def
File: hpdftex.def 2024-01-20 v7.01h Hyperref driver for pdfTeX
(/usr/share/texlive/texmf-dist/tex/latex/base/atveryend-ltx.sty
Package: atveryend-ltx 2020/08/19 v1.0a Emulation of the original atveryend pac
kage
with kernel methods
)
\Fld@listcount=\count271
\c@bookmark@seq@number=\count272
(/usr/share/texlive/texmf-dist/tex/latex/rerunfilecheck/rerunfilecheck.sty
Package: rerunfilecheck 2022-07-10 v1.10 Rerun checks for auxiliary files (HO)
(/usr/share/texlive/texmf-dist/tex/generic/uniquecounter/uniquecounter.sty
Package: uniquecounter 2019/12/15 v1.4 Provide unlimited unique counter (HO)
)
Package uniquecounter Info: New unique counter `rerunfilecheck' on input line 2
85.
)
\Hy@SectionHShift=\skip50
)
Package: html 1999/07/19 v1.38 hypertext commands for latex2html (nd, hws, rrm)

\c@lpart=\count273
\c@lchapter=\count274
\c@chapter=\count275
\c@lsection=\count276
\c@lsubsection=\count277
\c@lsubsubsection=\count278
\c@lparagraph=\count279
\c@lsubparagraph=\count280
\c@lsubsubparagraph=\count281
\ptrfile=\write3
) (/usr/share/texlive/texmf-dist/tex/latex/base/makeidx.sty
Package: makeidx 2021/10/04 v1.0m Standard LaTeX package
) (/usr/share/texlive/texmf-dist/tex/generic/epsf/epsf.sty
This is `epsf.tex' v2.7.4 <14 February 2011>
\epsffilein=\read2
\epsfframemargin=\dimen145
\epsfframethickness=\dimen146
\epsfrsize=\dimen147
\epsftmp=\dimen148
\epsftsize=\dimen149
\epsfxsize=\dimen150
\epsfysize=\dimen151
\pspoints=\dimen152
) (/usr/share/texlive/texmf-dist/tex/latex/graphics/graphicx.sty
Package: graphicx 2021/09/16 v1.2d Enhanced LaTeX Graphics (DPC,SPQR)
(/usr/share/texlive/texmf-dist/tex/latex/graphics/graphics.sty
Package: graphics 2022/03/10 v1.4e Standard LaTeX Graphics (DPC,SPQR)
(/usr/share/texlive/texmf-dist/tex/latex/graphics/trig.sty
Package: trig 2021/08/11 v1.11 sin cos tan (DPC)
) (/usr/share/texlive/texmf-dist/tex/latex/graphics-cfg/graphics.cfg
File: graphics.cfg 2016/06/04 v1.11 sample graphics configuration
)
Package graphics Info: Driver file: pdftex.def on input line 107.
(/usr/share/texlive/texmf-dist/tex/latex/graphics-def/pdftex.def
File: pdftex.def 2022/09/22 v1.2b Graphics/color driver for pdftex
))
\Gin@req@height=\dimen153
\Gin@req@width=\dimen154
) (/usr/share/texlive/texmf-dist/tex/latex/amsfonts/amssymb.sty
Package: amssymb 2013/01/14 v3.01 AMS font symbols
(/usr/share/texlive/texmf-dist/tex/latex/amsfonts/amsfonts.sty
Package: amsfonts 2013/01/14 v3.01 Basic AMSFonts support
\@emptytoks=\toks18
\symAMSa=\mathgroup4
\symAMSb=\mathgroup5
LaTeX Font Info:    Redeclaring math symbol \hbar on input line 98.
LaTeX Font Info:    Overwriting math alphabet `\mathfrak' in version `bold'
(Font)                  U/euf/m/n --> U/euf/b/n on input line 106.
)) (/usr/share/texlive/texmf-dist/tex/latex/amsmath/amsmath.sty
Package: amsmath 2023/05/13 v2.17o AMS math features
\@mathmargin=\skip51
For additional information on amsmath, use the `?' option.
(/usr/share/texlive/texmf-dist/tex/latex/amsmath/amstext.sty
Package: amstext 2021/08/26 v2.01 AMS text
(/usr/share/texlive/texmf-dist/tex/latex/amsmath/amsgen.sty
File: amsgen.sty 1999/11/30 v2.0 generic functions
\@emptytoks=\toks19
\ex@=\dimen155
)) (/usr/share/texlive/texmf-dist/tex/latex/amsmath/amsbsy.sty
Package: amsbsy 1999/11/29 v1.2d Bold Symbols
\pmbraise@=\dimen156
) (/usr/share/texlive/texmf-dist/tex/latex/amsmath/amsopn.sty
Package: amsopn 2022/04/08 v2.04 operator names
)
\inf@bad=\count282
LaTeX Info: Redefining \frac on input line 234.
\uproot@=\count283
\leftroot@=\count284
LaTeX Info: Redefining \overline on input line 399.
LaTeX Info: Redefining \colon on input line 410.
\classnum@=\count285
\DOTSCASE@=\count286
LaTeX Info: Redefining \ldots on input line 496.
LaTeX Info: Redefining \dots on input line 499.
LaTeX Info: Redefining \cdots on input line 620.
\Mathstrutbox@=\box51
\strutbox@=\box52
LaTeX Info: Redefining \big on input line 722.
LaTeX Info: Redefining \Big on input line 723.
LaTeX Info: Redefining \bigg on input line 724.
LaTeX Info: Redefining \Bigg on input line 725.
\big@size=\dimen157
LaTeX Font Info:    Redeclaring font encoding OML on input line 743.
LaTeX Font Info:    Redeclaring font encoding OMS on input line 744.
\macc@depth=\count287
LaTeX Info: Redefining \bmod on input line 905.
LaTeX Info: Redefining \pmod on input line 910.
LaTeX Info: Redefining \smash on input line 940.
LaTeX Info: Redefining \relbar on input line 970.
LaTeX Info: Redefining \Relbar on input line 971.
\c@MaxMatrixCols=\count288
\dotsspace@=\muskip17
\c@parentequation=\count289
\dspbrk@lvl=\count290
\tag@help=\toks20
\row@=\count291
\column@=\count292
\maxfields@=\count293
\andhelp@=\toks21
\eqnshift@=\dimen158
\alignsep@=\dimen159
\tagshift@=\dimen160
\tagwidth@=\dimen161
\totwidth@=\dimen162
\lineht@=\dimen163
\@envbody=\toks22
\multlinegap=\skip52
\multlinetaggap=\skip53
\mathdisplay@stack=\toks23
LaTeX Info: Redefining \[ on input line 2953.
LaTeX Info: Redefining \] on input line 2954.
) (/usr/share/texlive/texmf-dist/tex/latex/mathtools/empheq.sty
Package: empheq 2017/03/31 v2.15 Emphasizing equations
(/usr/share/texlive/texmf-dist/tex/latex/mathtools/mhsetup.sty
Package: mhsetup 2021/03/18 v1.4 programming setup (MH)
) (/usr/share/texlive/texmf-dist/tex/latex/mathtools/mathtools.sty
Package: mathtools 2022/06/29 v1.29 mathematical typesetting tools
(/usr/share/texlive/texmf-dist/tex/latex/tools/calc.sty
Package: calc 2023/07/08 v4.3 Infix arithmetic (KKT,FJ)
\calc@Acount=\count294
\calc@Bcount=\count295
\calc@Adimen=\dimen164
\calc@Bdimen=\dimen165
\calc@Askip=\skip54
\calc@Bskip=\skip55
LaTeX Info: Redefining \setlength on input line 80.
LaTeX Info: Redefining \addtolength on input line 81.
\calc@Ccount=\count296
\calc@Cskip=\skip56
)
\g_MT_multlinerow_int=\count297
\l_MT_multwidth_dim=\dimen166
\origjot=\skip57
\l_MT_shortvdotswithinadjustabove_dim=\dimen167
\l_MT_shortvdotswithinadjustbelow_dim=\dimen168
\l_MT_above_intertext_sep=\dimen169
\l_MT_below_intertext_sep=\dimen170
\l_MT_above_shortintertext_sep=\dimen171
\l_MT_below_shortintertext_sep=\dimen172
\xmathstrut@box=\box53
\xmathstrut@dim=\dimen173
)
\l_EQ_equationtype_int=\count298
\l_EQ_alignmentmode_int=\count299
\l_EQ_totalwidth_dim=\dimen174
\l_EQ_displaywidth_dim=\dimen175
\l_EQ_temp_linewidth_dim=\dimen176
\l_EQ_linewidth_dim=\dimen177
\EmphEqdelimitershortfall=\dimen178
\EmphEqdelimiterfactor=\count300
\g_EQ_toptag_height_dim=\dimen179
\g_EQ_bottomtag_depth_dim=\dimen180
\g_EQ_toprow_height_dim=\dimen181
\g_EQ_bottomrow_depth_dim=\dimen182
\g_EQ_widesttag_dim=\dimen183
\EQ_mathdisplay_box=\box54
\EQ_tag_box=\box55
\g_EQ_temprow_int=\count301
) (/usr/share/texlive/texmf-dist/tex/latex/quoting/quoting.sty
Package: quoting 2014/01/28 v0.1c Consolidated environment for displayed text
\quo@toppartop=\skip58
)
\@indexfile=\write4
\openout4 = `images.idx'.

Writing index file images.idx
(/usr/share/texlive/texmf-dist/tex/latex/xcolor/xcolor.sty
Package: xcolor 2023/11/15 v3.01 LaTeX color extensions (UK)
(/usr/share/texlive/texmf-dist/tex/latex/graphics-cfg/color.cfg
File: color.cfg 2016/01/02 v1.6 sample color configuration
)
Package xcolor Info: Driver file: pdftex.def on input line 274.
(/usr/share/texlive/texmf-dist/tex/latex/graphics/mathcolor.ltx)
Package xcolor Info: Model `cmy' substituted by `cmy0' on input line 1350.
Package xcolor Info: Model `hsb' substituted by `rgb' on input line 1354.
Package xcolor Info: Model `RGB' extended on input line 1366.
Package xcolor Info: Model `HTML' substituted by `rgb' on input line 1368.
Package xcolor Info: Model `Hsb' substituted by `hsb' on input line 1369.
Package xcolor Info: Model `tHsb' substituted by `hsb' on input line 1370.
Package xcolor Info: Model `HSB' substituted by `hsb' on input line 1371.
Package xcolor Info: Model `Gray' substituted by `gray' on input line 1372.
Package xcolor Info: Model `wave' substituted by `hsb' on input line 1373.
)
\sizebox=\box56
\lthtmlwrite=\write5
(/usr/share/texmf/tex/latex/preview/preview.sty
Package: preview 2023/01/17 13.2 (AUCTeX/preview-latex)
(/usr/share/texlive/texmf-dist/tex/generic/luatex85/luatex85.sty
Package: luatex85 2016/06/15 v1.4 pdftex aliases for luatex
) (/usr/share/texmf/tex/latex/preview/prtightpage.def
\PreviewBorder=\dimen184
)
\pr@snippet=\count302
\pr@box=\box57
\pr@output=\toks24
)
\lthtmlPageBox=\box58
\lthtmlCropMarkHeight=\dimen185
\lthtmlCropMarkDepth=\dimen186
(/usr/share/texlive/texmf-dist/tex/latex/l3backend/l3backend-pdftex.def
File: l3backend-pdftex.def 2024-01-04 L3 backend support: PDF output (pdfTeX)
\l__color_backend_stack_int=\count303
\l__pdf_internal_box=\box59
) (./images.aux)
\openout1 = `images.aux'.

LaTeX Font Info:    Checking defaults for OML/cmm/m/it on input line 123.
LaTeX Font Info:    ... okay on input line 123.
LaTeX Font Info:    Checking defaults for OMS/cmsy/m/n on input line 123.
LaTeX Font Info:    ... okay on input line 123.
LaTeX Font Info:    Checking defaults for OT1/cmr/m/n on input line 123.
LaTeX Font Info:    ... okay on input line 123.
LaTeX Font Info:    Checking defaults for T1/cmr/m/n on input line 123.
LaTeX Font Info:    ... okay on input line 123.
LaTeX Font Info:    Checking defaults for TS1/cmr/m/n on input line 123.
LaTeX Font Info:    ... okay on input line 123.
LaTeX Font Info:    Checking defaults for OMX/cmex/m/n on input line 123.
LaTeX Font Info:    ... okay on input line 123.
LaTeX Font Info:    Checking defaults for U/cmr/m/n on input line 123.
LaTeX Font Info:    ... okay on input line 123.
LaTeX Font Info:    Checking defaults for PD1/pdf/m/n on input line 123.
LaTeX Font Info:    ... okay on input line 123.
LaTeX Font Info:    Checking defaults for PU/pdf/m/n on input line 123.
LaTeX Font Info:    ... okay on input line 123.
Package hyperref Info: Link coloring OFF on input line 123.
(./images.out) (./images.out)
\@outlinefile=\write6
\openout6 = `images.out'.

(/usr/share/texlive/texmf-dist/tex/context/base/mkii/supp-pdf.mkii
[Loading MPS to PDF converter (version 2006.09.02).]
\scratchcounter=\count304
\scratchdimen=\dimen187
\scratchbox=\box60
\nofMPsegments=\count305
\nofMParguments=\count306
\everyMPshowfont=\toks25
\MPscratchCnt=\count307
\MPscratchDim=\dimen188
\MPnumerator=\count308
\makeMPintoPDFobject=\count309
\everyMPtoPDFconversion=\toks26
) (/usr/share/texlive/texmf-dist/tex/latex/epstopdf-pkg/epstopdf-base.sty
Package: epstopdf-base 2020-01-24 v2.11 Base part for package epstopdf
(/usr/share/texlive/texmf-dist/tex/latex/grfext/grfext.sty
Package: grfext 2019/12/03 v1.3 Manage graphics extensions (HO)
)
Package epstopdf-base Info: Redefining graphics rule for `.eps' on input line 4
85.
Package grfext Info: Graphics extension search list:
(grfext)             [.pdf,.png,.jpg,.mps,.jpeg,.jbig2,.jb2,.PDF,.PNG,.JPG,.JPE
G,.JBIG2,.JB2,.eps]
(grfext)             \AppendGraphicsExtensions on input line 504.
(/usr/share/texlive/texmf-dist/tex/latex/latexconfig/epstopdf-sys.cfg
File: epstopdf-sys.cfg 2010/07/13 v1.3 Configuration of (r)epstopdf for TeX Liv
e
))
LaTeX Info: Redefining \[ on input line 123.
LaTeX Info: Redefining \] on input line 123.
Preview: Fontsize 10pt
Preview: PDFoutput 1

latex2htmlLength hsize=345.0pt

latex2htmlLength vsize=633.0pt

latex2htmlLength hoffset=0.0pt

latex2htmlLength voffset=0.0pt

latex2htmlLength topmargin=0.0pt

latex2htmlLength topskip=0.00003pt

latex2htmlLength headheight=0.0pt

latex2htmlLength headsep=0.0pt

latex2htmlLength parskip=0.0pt plus 1.0pt

latex2htmlLength oddsidemargin=62.0pt

latex2htmlLength evensidemargin=62.0pt

LaTeX Font Info:    Trying to load font information for U+msa on input line 156
.
(/usr/share/texlive/texmf-dist/tex/latex/amsfonts/umsa.fd
File: umsa.fd 2013/01/14 v3.01 AMS symbols A
)
LaTeX Font Info:    Trying to load font information for U+msb on input line 156
.
(/usr/share/texlive/texmf-dist/tex/latex/amsfonts/umsb.fd
File: umsb.fd 2013/01/14 v3.01 AMS symbols B
)

:tex2html_wrap_inline1936:lthtmlCropMarkHeight:=12.44444pt

:tex2html_wrap_inline1936:lthtmlCropMarkDepth:=0.0pt:1ex:=4.30554pt
Preview: Tightpage -32890 -32890 32890 32890
[1{/var/lib/texmf/fonts/map/pdftex/updmap/pdftex.map}]

:tex2html_wrap_inline1938:lthtmlCropMarkHeight:=14.14003pt

:tex2html_wrap_inline1938:lthtmlCropMarkDepth:=2.5pt:1ex:=4.30554pt
[2]

:tex2html_wrap_inline1940:lthtmlCropMarkHeight:=14.14003pt

:tex2html_wrap_inline1940:lthtmlCropMarkDepth:=0.0pt:1ex:=4.30554pt
[3]

:tex2html_wrap_inline1942:lthtmlCropMarkHeight:=12.44444pt

:tex2html_wrap_inline1942:lthtmlCropMarkDepth:=1.94444pt:1ex:=4.30554pt
[4]

:tex2html_wrap_inline1944:lthtmlCropMarkHeight:=12.44444pt

:tex2html_wrap_inline1944:lthtmlCropMarkDepth:=0.83333pt:1ex:=4.30554pt
[5]

:tex2html_wrap_inline1946:lthtmlCropMarkHeight:=12.88586pt

:tex2html_wrap_inline1946:lthtmlCropMarkDepth:=1.94444pt:1ex:=4.30554pt
[6]

:tex2html_wrap_inline1948:lthtmlCropMarkHeight:=13.5pt

:tex2html_wrap_inline1948:lthtmlCropMarkDepth:=2.5pt:1ex:=4.30554pt
[7]

:tex2html_wrap_inline1950:lthtmlCropMarkHeight:=12.94444pt

:tex2html_wrap_inline1950:lthtmlCropMarkDepth:=0.0pt:1ex:=4.30554pt
[8]

:tex2html_wrap_inline1952:lthtmlCropMarkHeight:=13.5pt

:tex2html_wrap_inline1952:lthtmlCropMarkDepth:=2.5pt:1ex:=4.30554pt
[9]

:tex2html_wrap_inline1954:lthtmlCropMarkHeight:=12.83331pt

:tex2html_wrap_inline1954:lthtmlCropMarkDepth:=0.0pt:1ex:=4.30554pt
[10]

:tex2html_wrap_indisplay1962:lthtmlCropMarkHeight:=15.83821pt

:tex2html_wrap_indisplay1962:lthtmlCropMarkDepth:=2.56187pt:1ex:=4.30554pt
[11]

:tex2html_wrap_inline1964:lthtmlCropMarkHeight:=13.5pt

:tex2html_wrap_inline1964:lthtmlCropMarkDepth:=2.5pt:1ex:=4.30554pt
[12]

:tex2html_wrap_inline1966:lthtmlCropMarkHeight:=14.14003pt

:tex2html_wrap_inline1966:lthtmlCropMarkDepth:=2.5pt:1ex:=4.30554pt
[13]

:tex2html_wrap_inline1968:lthtmlCropMarkHeight:=13.5pt

:tex2html_wrap_inline1968:lthtmlCropMarkDepth:=2.5pt:1ex:=4.30554pt
[14]

:tex2html_wrap_inline1970:lthtmlCropMarkHeight:=15.16669pt

:tex2html_wrap_inline1970:lthtmlCropMarkDepth:=2.5pt:1ex:=4.30554pt
[15]

:tex2html_wrap_inline1972:lthtmlCropMarkHeight:=12.83331pt

:tex2html_wrap_inline1972:lthtmlCropMarkDepth:=0.0pt:1ex:=4.30554pt
[16]

:tex2html_wrap_inline1974:lthtmlCropMarkHeight:=10.30554pt

:tex2html_wrap_inline1974:lthtmlCropMarkDepth:=0.0pt:1ex:=4.30554pt
[17]

:tex2html_wrap_indisplay1975:lthtmlCropMarkHeight:=13.5pt

:tex2html_wrap_indisplay1975:lthtmlCropMarkDepth:=2.5pt:1ex:=4.30554pt
[18]

:tex2html_wrap_indisplay1976:lthtmlCropMarkHeight:=35.50027pt

:tex2html_wrap_indisplay1976:lthtmlCropMarkDepth:=26.93184pt:1ex:=4.30554pt
[19]

:tex2html_wrap_indisplay1977:lthtmlCropMarkHeight:=19.70952pt

:tex2html_wrap_indisplay1977:lthtmlCropMarkDepth:=6.85951pt:1ex:=4.30554pt
[20]

:tex2html_wrap_inline1979:lthtmlCropMarkHeight:=12.83331pt

:tex2html_wrap_inline1979:lthtmlCropMarkDepth:=1.35971pt:1ex:=4.30554pt
[21]

:tex2html_wrap_inline1981:lthtmlCropMarkHeight:=10.30554pt

:tex2html_wrap_inline1981:lthtmlCropMarkDepth:=1.49998pt:1ex:=4.30554pt
[22]

:tex2html_wrap_inline1985:lthtmlCropMarkHeight:=12.94444pt

:tex2html_wrap_inline1985:lthtmlCropMarkDepth:=1.94444pt:1ex:=4.30554pt
[23]

:tex2html_wrap_inline1987:lthtmlCropMarkHeight:=10.30554pt

:tex2html_wrap_inline1987:lthtmlCropMarkDepth:=1.94444pt:1ex:=4.30554pt
[24]

:tex2html_wrap_inline1989:lthtmlCropMarkHeight:=10.30554pt

:tex2html_wrap_inline1989:lthtmlCropMarkDepth:=1.94444pt:1ex:=4.30554pt
[25]

:tex2html_wrap_inline1991:lthtmlCropMarkHeight:=10.30554pt

:tex2html_wrap_inline1991:lthtmlCropMarkDepth:=0.0pt:1ex:=4.30554pt
[26]

:tex2html_wrap_inline1993:lthtmlCropMarkHeight:=12.94444pt

:tex2html_wrap_inline1993:lthtmlCropMarkDepth:=0.0pt:1ex:=4.30554pt
[27]

:tex2html_wrap_inline1995:lthtmlCropMarkHeight:=10.30554pt

:tex2html_wrap_inline1995:lthtmlCropMarkDepth:=1.49998pt:1ex:=4.30554pt
[28]

:tex2html_wrap_inline1997:lthtmlCropMarkHeight:=12.94444pt

:tex2html_wrap_inline1997:lthtmlCropMarkDepth:=0.0pt:1ex:=4.30554pt
[29]

:tex2html_wrap_inline1999:lthtmlCropMarkHeight:=12.94444pt

:tex2html_wrap_inline1999:lthtmlCropMarkDepth:=0.0pt:1ex:=4.30554pt
[30]

:tex2html_wrap_inline2001:lthtmlCropMarkHeight:=12.83331pt

:tex2html_wrap_inline2001:lthtmlCropMarkDepth:=0.0pt:1ex:=4.30554pt
[31]

:tex2html_wrap_inline2003:lthtmlCropMarkHeight:=13.5pt

:tex2html_wrap_inline2003:lthtmlCropMarkDepth:=2.5pt:1ex:=4.30554pt
[32]

:tex2html_wrap_inline2005:lthtmlCropMarkHeight:=13.5pt

:tex2html_wrap_inline2005:lthtmlCropMarkDepth:=2.5pt:1ex:=4.30554pt
[33]

:tex2html_wrap_inline2007:lthtmlCropMarkHeight:=13.5pt

:tex2html_wrap_inline2007:lthtmlCropMarkDepth:=2.5pt:1ex:=4.30554pt
[34]

:tex2html_wrap_inline2013:lthtmlCropMarkHeight:=13.5pt

:tex2html_wrap_inline2013:lthtmlCropMarkDepth:=2.5pt:1ex:=4.30554pt
[35]

:tex2html_wrap_indisplay2015:lthtmlCropMarkHeight:=14.64003pt

:tex2html_wrap_indisplay2015:lthtmlCropMarkDepth:=2.5pt:1ex:=4.30554pt
[36]

:tex2html_wrap_indisplay2016:lthtmlCropMarkHeight:=13.5pt

:tex2html_wrap_indisplay2016:lthtmlCropMarkDepth:=2.5pt:1ex:=4.30554pt
[37]

:tex2html_wrap_indisplay2018:lthtmlCropMarkHeight:=14.64003pt

:tex2html_wrap_indisplay2018:lthtmlCropMarkDepth:=2.5pt:1ex:=4.30554pt
[38]

:tex2html_wrap_inline2027:lthtmlCropMarkHeight:=12.44444pt

:tex2html_wrap_inline2027:lthtmlCropMarkDepth:=0.0pt:1ex:=4.30554pt
[39]

:tex2html_wrap_inline2029:lthtmlCropMarkHeight:=13.5pt

:tex2html_wrap_inline2029:lthtmlCropMarkDepth:=2.5pt:1ex:=4.30554pt
[40]

:tex2html_wrap_inline2031:lthtmlCropMarkHeight:=12.44444pt

:tex2html_wrap_inline2031:lthtmlCropMarkDepth:=1.49998pt:1ex:=4.30554pt
[41]

:tex2html_wrap_inline2040:lthtmlCropMarkHeight:=12.44444pt

:tex2html_wrap_inline2040:lthtmlCropMarkDepth:=0.0pt:1ex:=4.30554pt
[42]

:tex2html_wrap_inline2042:lthtmlCropMarkHeight:=12.94444pt

:tex2html_wrap_inline2042:lthtmlCropMarkDepth:=0.0pt:1ex:=4.30554pt
[43]

:tex2html_wrap_inline2044:lthtmlCropMarkHeight:=13.5pt

:tex2html_wrap_inline2044:lthtmlCropMarkDepth:=2.5pt:1ex:=4.30554pt
[44]

:tex2html_wrap_inline2046:lthtmlCropMarkHeight:=12.83331pt

:tex2html_wrap_inline2046:lthtmlCropMarkDepth:=0.0pt:1ex:=4.30554pt
[45]

:tex2html_wrap_inline2052:lthtmlCropMarkHeight:=12.83331pt

:tex2html_wrap_inline2052:lthtmlCropMarkDepth:=0.0pt:1ex:=4.30554pt
[46]

:tex2html_wrap_indisplay2054:lthtmlCropMarkHeight:=14.64003pt

:tex2html_wrap_indisplay2054:lthtmlCropMarkDepth:=2.5pt:1ex:=4.30554pt
[47]

:tex2html_wrap_inline2058:lthtmlCropMarkHeight:=14.14003pt

:tex2html_wrap_inline2058:lthtmlCropMarkDepth:=0.0pt:1ex:=4.30554pt
[48]

:tex2html_wrap_inline2064:lthtmlCropMarkHeight:=13.5pt

:tex2html_wrap_inline2064:lthtmlCropMarkDepth:=2.5pt:1ex:=4.30554pt
[49]

:tex2html_wrap_inline2066:lthtmlCropMarkHeight:=13.5pt

:tex2html_wrap_inline2066:lthtmlCropMarkDepth:=2.5pt:1ex:=4.30554pt
[50]

:tex2html_wrap_inline2072:lthtmlCropMarkHeight:=13.5pt

:tex2html_wrap_inline2072:lthtmlCropMarkDepth:=2.5pt:1ex:=4.30554pt
[51]

:tex2html_wrap_indisplay2103:lthtmlCropMarkHeight:=14.99002pt

:tex2html_wrap_indisplay2103:lthtmlCropMarkDepth:=1.94444pt:1ex:=4.30554pt
[52]

:tex2html_wrap_inline2105:lthtmlCropMarkHeight:=13.5pt

:tex2html_wrap_inline2105:lthtmlCropMarkDepth:=2.5pt:1ex:=4.30554pt
[53]

:tex2html_wrap_inline2107:lthtmlCropMarkHeight:=12.88889pt

:tex2html_wrap_inline2107:lthtmlCropMarkDepth:=2.33333pt:1ex:=4.30554pt
[54]

:tex2html_wrap_inline2109:lthtmlCropMarkHeight:=12.44444pt

:tex2html_wrap_inline2109:lthtmlCropMarkDepth:=0.0pt:1ex:=4.30554pt
[55]

:tex2html_wrap_inline2111:lthtmlCropMarkHeight:=12.44444pt

:tex2html_wrap_inline2111:lthtmlCropMarkDepth:=0.0pt:1ex:=4.30554pt
[56]

:tex2html_wrap_indisplay2113:lthtmlCropMarkHeight:=24.01115pt

:tex2html_wrap_indisplay2113:lthtmlCropMarkDepth:=14.15974pt:1ex:=4.30554pt
[57]

:tex2html_wrap_inline2115:lthtmlCropMarkHeight:=13.5pt

:tex2html_wrap_inline2115:lthtmlCropMarkDepth:=2.5pt:1ex:=4.30554pt
[58]

:tex2html_wrap_inline2117:lthtmlCropMarkHeight:=12.94444pt

:tex2html_wrap_inline2117:lthtmlCropMarkDepth:=2.86108pt:1ex:=4.30554pt
[59]

:tex2html_wrap_inline2119:lthtmlCropMarkHeight:=12.59525pt

:tex2html_wrap_inline2119:lthtmlCropMarkDepth:=1.94444pt:1ex:=4.30554pt
[60]

:tex2html_wrap_inline2121:lthtmlCropMarkHeight:=12.94444pt

:tex2html_wrap_inline2121:lthtmlCropMarkDepth:=1.49998pt:1ex:=4.30554pt
[61]

:tex2html_wrap_inline2125:lthtmlCropMarkHeight:=13.5pt

:tex2html_wrap_inline2125:lthtmlCropMarkDepth:=2.86108pt:1ex:=4.30554pt
[62]

:tex2html_wrap_inline2127:lthtmlCropMarkHeight:=10.30554pt

:tex2html_wrap_inline2127:lthtmlCropMarkDepth:=0.0pt:1ex:=4.30554pt
[63]

:tex2html_wrap_inline2129:lthtmlCropMarkHeight:=12.15079pt

:tex2html_wrap_inline2129:lthtmlCropMarkDepth:=0.0pt:1ex:=4.30554pt
[64]

:tex2html_wrap_inline2131:lthtmlCropMarkHeight:=12.94444pt

:tex2html_wrap_inline2131:lthtmlCropMarkDepth:=1.94444pt:1ex:=4.30554pt
[65]

:tex2html_wrap_inline2133:lthtmlCropMarkHeight:=13.5pt

:tex2html_wrap_inline2133:lthtmlCropMarkDepth:=2.5pt:1ex:=4.30554pt
[66]

:tex2html_wrap_indisplay2135:lthtmlCropMarkHeight:=24.54108pt

:tex2html_wrap_indisplay2135:lthtmlCropMarkDepth:=11.85919pt:1ex:=4.30554pt
[67]

:tex2html_wrap_inline2137:lthtmlCropMarkHeight:=14.14003pt

:tex2html_wrap_inline2137:lthtmlCropMarkDepth:=0.0pt:1ex:=4.30554pt
[68]

:tex2html_wrap_inline2139:lthtmlCropMarkHeight:=14.14003pt

:tex2html_wrap_inline2139:lthtmlCropMarkDepth:=2.5pt:1ex:=4.30554pt
[69]

:tex2html_wrap_inline2143:lthtmlCropMarkHeight:=12.44444pt

:tex2html_wrap_inline2143:lthtmlCropMarkDepth:=0.0pt:1ex:=4.30554pt
[70]

:tex2html_wrap_inline2145:lthtmlCropMarkHeight:=12.94444pt

:tex2html_wrap_inline2145:lthtmlCropMarkDepth:=0.0pt:1ex:=4.30554pt
[71]

:tex2html_wrap_inline2151:lthtmlCropMarkHeight:=14.14003pt

:tex2html_wrap_inline2151:lthtmlCropMarkDepth:=1.94444pt:1ex:=4.30554pt
[72]

:tex2html_wrap_inline2153:lthtmlCropMarkHeight:=12.83331pt

:tex2html_wrap_inline2153:lthtmlCropMarkDepth:=1.49998pt:1ex:=4.30554pt
[73]

:tex2html_wrap_indisplay2155:lthtmlCropMarkHeight:=19.20952pt

:tex2html_wrap_indisplay2155:lthtmlCropMarkDepth:=8.3595pt:1ex:=4.30554pt
[74]

:tex2html_wrap_indisplay2156:lthtmlCropMarkHeight:=7.05554pt

:tex2html_wrap_indisplay2156:lthtmlCropMarkDepth:=0.0pt:1ex:=4.30554pt
[75]

:tex2html_wrap_inline2158:lthtmlCropMarkHeight:=12.44444pt

:tex2html_wrap_inline2158:lthtmlCropMarkDepth:=0.0pt:1ex:=4.30554pt
[76]

:tex2html_wrap_inline2162:lthtmlCropMarkHeight:=12.83331pt

:tex2html_wrap_inline2162:lthtmlCropMarkDepth:=0.0pt:1ex:=4.30554pt
[77]

:tex2html_wrap_inline2169:lthtmlCropMarkHeight:=12.83331pt

:tex2html_wrap_inline2169:lthtmlCropMarkDepth:=0.0pt:1ex:=4.30554pt
[78]

:tex2html_wrap_inline2176:lthtmlCropMarkHeight:=10.30554pt

:tex2html_wrap_inline2176:lthtmlCropMarkDepth:=0.0pt:1ex:=4.30554pt
[79]

:tex2html_wrap_inline2182:lthtmlCropMarkHeight:=12.44444pt

:tex2html_wrap_inline2182:lthtmlCropMarkDepth:=0.0pt:1ex:=4.30554pt
[80]

:tex2html_wrap_inline2184:lthtmlCropMarkHeight:=12.44444pt

:tex2html_wrap_inline2184:lthtmlCropMarkDepth:=1.35971pt:1ex:=4.30554pt
[81]

:tex2html_wrap_inline2190:lthtmlCropMarkHeight:=12.44444pt

:tex2html_wrap_inline2190:lthtmlCropMarkDepth:=0.0pt:1ex:=4.30554pt
[82]

:tex2html_wrap_inline2198:lthtmlCropMarkHeight:=13.5pt

:tex2html_wrap_inline2198:lthtmlCropMarkDepth:=2.5pt:1ex:=4.30554pt
[83]

:tex2html_wrap_inline2200:lthtmlCropMarkHeight:=12.83331pt

:tex2html_wrap_inline2200:lthtmlCropMarkDepth:=0.0pt:1ex:=4.30554pt
[84]

:tex2html_wrap_indisplay2202:lthtmlCropMarkHeight:=14.7175pt

:tex2html_wrap_indisplay2202:lthtmlCropMarkDepth:=2.5pt:1ex:=4.30554pt
[85]

:tex2html_wrap_inline2204:lthtmlCropMarkHeight:=13.5pt

:tex2html_wrap_inline2204:lthtmlCropMarkDepth:=2.5pt:1ex:=4.30554pt
[86]

:tex2html_wrap_inline2206:lthtmlCropMarkHeight:=10.30554pt

:tex2html_wrap_inline2206:lthtmlCropMarkDepth:=0.0pt:1ex:=4.30554pt
[87]

:tex2html_wrap_indisplay2226:lthtmlCropMarkHeight:=13.5pt

:tex2html_wrap_indisplay2226:lthtmlCropMarkDepth:=2.5pt:1ex:=4.30554pt
[88]

:tex2html_wrap_indisplay2227:lthtmlCropMarkHeight:=19.04366pt

:tex2html_wrap_indisplay2227:lthtmlCropMarkDepth:=2.5pt:1ex:=4.30554pt
[89]

:tex2html_wrap_inline2231:lthtmlCropMarkHeight:=13.5pt

:tex2html_wrap_inline2231:lthtmlCropMarkDepth:=2.5pt:1ex:=4.30554pt
[90]

:tex2html_wrap_indisplay2234:lthtmlCropMarkHeight:=23.41476pt

:tex2html_wrap_indisplay2234:lthtmlCropMarkDepth:=9.50012pt:1ex:=4.30554pt
[91]

:tex2html_wrap_inline2236:lthtmlCropMarkHeight:=12.83331pt

:tex2html_wrap_inline2236:lthtmlCropMarkDepth:=0.0pt:1ex:=4.30554pt
[92]

:tex2html_wrap_inline2255:lthtmlCropMarkHeight:=12.83331pt

:tex2html_wrap_inline2255:lthtmlCropMarkDepth:=1.49998pt:1ex:=4.30554pt
[93]

:tex2html_wrap_inline2257:lthtmlCropMarkHeight:=13.5pt

:tex2html_wrap_inline2257:lthtmlCropMarkDepth:=2.5pt:1ex:=4.30554pt
[94]

:tex2html_wrap_inline2260:lthtmlCropMarkHeight:=13.5pt

:tex2html_wrap_inline2260:lthtmlCropMarkDepth:=2.5pt:1ex:=4.30554pt
[95]

:tex2html_wrap_inline2262:lthtmlCropMarkHeight:=16.09998pt

:tex2html_wrap_inline2262:lthtmlCropMarkDepth:=3.44841pt:1ex:=4.30554pt
[96]

:tex2html_wrap_inline2266:lthtmlCropMarkHeight:=12.83331pt

:tex2html_wrap_inline2266:lthtmlCropMarkDepth:=1.49998pt:1ex:=4.30554pt
[97]

:tex2html_wrap_inline2268:lthtmlCropMarkHeight:=16.09998pt

:tex2html_wrap_inline2268:lthtmlCropMarkDepth:=3.44841pt:1ex:=4.30554pt
[98]

:tex2html_wrap_inline2270:lthtmlCropMarkHeight:=13.5pt

:tex2html_wrap_inline2270:lthtmlCropMarkDepth:=2.5pt:1ex:=4.30554pt
[99]

:tex2html_wrap_inline2272:lthtmlCropMarkHeight:=12.83331pt

:tex2html_wrap_inline2272:lthtmlCropMarkDepth:=1.49998pt:1ex:=4.30554pt
[100]

:tex2html_wrap_indisplay2274:lthtmlCropMarkHeight:=23.59833pt

:tex2html_wrap_indisplay2274:lthtmlCropMarkDepth:=6.85951pt:1ex:=4.30554pt
[101]

:tex2html_wrap_indisplay2276:lthtmlCropMarkHeight:=23.59833pt

:tex2html_wrap_indisplay2276:lthtmlCropMarkDepth:=6.85951pt:1ex:=4.30554pt
[102]

:tex2html_wrap_inline2280:lthtmlCropMarkHeight:=13.5pt

:tex2html_wrap_inline2280:lthtmlCropMarkDepth:=2.5pt:1ex:=4.30554pt
[103]

:tex2html_wrap_inline2284:lthtmlCropMarkHeight:=13.5pt

:tex2html_wrap_inline2284:lthtmlCropMarkDepth:=2.5pt:1ex:=4.30554pt
[104]

:tex2html_wrap_inline2293:lthtmlCropMarkHeight:=14.14003pt

:tex2html_wrap_inline2293:lthtmlCropMarkDepth:=2.5pt:1ex:=4.30554pt
[105]

:tex2html_wrap_inline2295:lthtmlCropMarkHeight:=12.83331pt

:tex2html_wrap_inline2295:lthtmlCropMarkDepth:=0.0pt:1ex:=4.30554pt
[106]

:tex2html_wrap_inline2296:lthtmlCropMarkHeight:=13.5pt

:tex2html_wrap_inline2296:lthtmlCropMarkDepth:=2.5pt:1ex:=4.30554pt
[107]

:tex2html_wrap_indisplay2298:lthtmlCropMarkHeight:=20.9051pt

:tex2html_wrap_indisplay2298:lthtmlCropMarkDepth:=9.50012pt:1ex:=4.30554pt
[108]

:tex2html_wrap_indisplay2300:lthtmlCropMarkHeight:=14.64003pt

:tex2html_wrap_indisplay2300:lthtmlCropMarkDepth:=2.5pt:1ex:=4.30554pt
[109]

:tex2html_wrap_inline2302:lthtmlCropMarkHeight:=10.30554pt

:tex2html_wrap_inline2302:lthtmlCropMarkDepth:=1.94444pt:1ex:=4.30554pt
[110]

:tex2html_wrap_inline2304:lthtmlCropMarkHeight:=10.30554pt

:tex2html_wrap_inline2304:lthtmlCropMarkDepth:=1.49998pt:1ex:=4.30554pt
[111]

:tex2html_wrap_inline2306:lthtmlCropMarkHeight:=12.83331pt

:tex2html_wrap_inline2306:lthtmlCropMarkDepth:=0.0pt:1ex:=4.30554pt
[112]

:tex2html_wrap_indisplay2308:lthtmlCropMarkHeight:=13.5pt

:tex2html_wrap_indisplay2308:lthtmlCropMarkDepth:=2.5pt:1ex:=4.30554pt
[113]

:tex2html_wrap_indisplay2309:lthtmlCropMarkHeight:=13.5pt

:tex2html_wrap_indisplay2309:lthtmlCropMarkDepth:=2.5pt:1ex:=4.30554pt
[114]

:tex2html_wrap_indisplay2315:lthtmlCropMarkHeight:=13.5pt

:tex2html_wrap_indisplay2315:lthtmlCropMarkDepth:=2.5pt:1ex:=4.30554pt
[115]

:tex2html_wrap_indisplay2316:lthtmlCropMarkHeight:=13.5pt

:tex2html_wrap_indisplay2316:lthtmlCropMarkDepth:=2.5pt:1ex:=4.30554pt
[116]

:tex2html_wrap_indisplay2322:lthtmlCropMarkHeight:=15.06111pt

:tex2html_wrap_indisplay2322:lthtmlCropMarkDepth:=2.6666pt:1ex:=4.30554pt
[117]

:tex2html_wrap_indisplay2324:lthtmlCropMarkHeight:=24.28339pt

:tex2html_wrap_indisplay2324:lthtmlCropMarkDepth:=12.67783pt:1ex:=4.30554pt
[118]

:tex2html_wrap_indisplay2325:lthtmlCropMarkHeight:=13.5pt

:tex2html_wrap_indisplay2325:lthtmlCropMarkDepth:=2.5pt:1ex:=4.30554pt
[119]

:tex2html_wrap_inline2329:lthtmlCropMarkHeight:=10.30554pt

:tex2html_wrap_inline2329:lthtmlCropMarkDepth:=0.0pt:1ex:=4.30554pt
[120]

:tex2html_wrap_inline2331:lthtmlCropMarkHeight:=12.83331pt

:tex2html_wrap_inline2331:lthtmlCropMarkDepth:=0.0pt:1ex:=4.30554pt
[121]

:tex2html_wrap_inline2338:lthtmlCropMarkHeight:=12.88586pt

:tex2html_wrap_inline2338:lthtmlCropMarkDepth:=0.0pt:1ex:=4.30554pt
[122]

:tex2html_wrap_inline2342:lthtmlCropMarkHeight:=10.30554pt

:tex2html_wrap_inline2342:lthtmlCropMarkDepth:=0.0pt:1ex:=4.30554pt
[123]

:tex2html_wrap_inline2344:lthtmlCropMarkHeight:=12.94444pt

:tex2html_wrap_inline2344:lthtmlCropMarkDepth:=0.0pt:1ex:=4.30554pt
[124]

:tex2html_wrap_indisplay2348:lthtmlCropMarkHeight:=56.50047pt

:tex2html_wrap_indisplay2348:lthtmlCropMarkDepth:=45.50047pt:1ex:=4.30554pt
[125]

:tex2html_wrap_indisplay2353:lthtmlCropMarkHeight:=20.26508pt

:tex2html_wrap_indisplay2353:lthtmlCropMarkDepth:=7.0pt:1ex:=4.30554pt
[126]

:tex2html_wrap_inline2355:lthtmlCropMarkHeight:=13.5pt

:tex2html_wrap_inline2355:lthtmlCropMarkDepth:=2.5pt:1ex:=4.30554pt
[127]

:tex2html_wrap_inline2359:lthtmlCropMarkHeight:=12.94444pt

:tex2html_wrap_inline2359:lthtmlCropMarkDepth:=0.0pt:1ex:=4.30554pt
[128]

:tex2html_wrap_indisplay2360:lthtmlCropMarkHeight:=10.30554pt

:tex2html_wrap_indisplay2360:lthtmlCropMarkDepth:=2.86108pt:1ex:=4.30554pt
[129]

:tex2html_wrap_indisplay2361:lthtmlCropMarkHeight:=21.644pt

:tex2html_wrap_indisplay2361:lthtmlCropMarkDepth:=7.0pt:1ex:=4.30554pt
[130]

:tex2html_wrap_indisplay2362:lthtmlCropMarkHeight:=20.26508pt

:tex2html_wrap_indisplay2362:lthtmlCropMarkDepth:=7.0pt:1ex:=4.30554pt
[131]

:tex2html_wrap_indisplay2369:lthtmlCropMarkHeight:=10.30554pt

:tex2html_wrap_indisplay2369:lthtmlCropMarkDepth:=1.94444pt:1ex:=4.30554pt
[132]

:tex2html_wrap_indisplay2370:lthtmlCropMarkHeight:=20.26508pt

:tex2html_wrap_indisplay2370:lthtmlCropMarkDepth:=7.0pt:1ex:=4.30554pt
[133]

:tex2html_wrap_indisplay2371:lthtmlCropMarkHeight:=20.26508pt

:tex2html_wrap_indisplay2371:lthtmlCropMarkDepth:=7.0pt:1ex:=4.30554pt
[134]

:tex2html_wrap_indisplay2372:lthtmlCropMarkHeight:=22.27892pt

:tex2html_wrap_indisplay2372:lthtmlCropMarkDepth:=7.0pt:1ex:=4.30554pt
[135]

:tex2html_wrap_indisplay2373:lthtmlCropMarkHeight:=22.27892pt

:tex2html_wrap_indisplay2373:lthtmlCropMarkDepth:=7.0pt:1ex:=4.30554pt
[136]

:tex2html_wrap_inline2375:lthtmlCropMarkHeight:=13.5pt

:tex2html_wrap_inline2375:lthtmlCropMarkDepth:=2.5pt:1ex:=4.30554pt
[137]

:tex2html_wrap_indisplay2377:lthtmlCropMarkHeight:=20.26508pt

:tex2html_wrap_indisplay2377:lthtmlCropMarkDepth:=7.0pt:1ex:=4.30554pt
[138]

:tex2html_wrap_inline2381:lthtmlCropMarkHeight:=10.30554pt

:tex2html_wrap_inline2381:lthtmlCropMarkDepth:=1.94444pt:1ex:=4.30554pt
[139]

:tex2html_wrap_inline2383:lthtmlCropMarkHeight:=14.14003pt

:tex2html_wrap_inline2383:lthtmlCropMarkDepth:=0.0pt:1ex:=4.30554pt
[140]

:tex2html_wrap_indisplay2384:lthtmlCropMarkHeight:=10.30554pt

:tex2html_wrap_indisplay2384:lthtmlCropMarkDepth:=1.94444pt:1ex:=4.30554pt
[141]

:tex2html_wrap_indisplay2385:lthtmlCropMarkHeight:=33.90016pt

:tex2html_wrap_indisplay2385:lthtmlCropMarkDepth:=7.0pt:1ex:=4.30554pt
[142]

:tex2html_wrap_indisplay2386:lthtmlCropMarkHeight:=33.90016pt

:tex2html_wrap_indisplay2386:lthtmlCropMarkDepth:=7.0pt:1ex:=4.30554pt
[143]

:tex2html_wrap_inline2388:lthtmlCropMarkHeight:=13.5pt

:tex2html_wrap_inline2388:lthtmlCropMarkDepth:=2.5pt:1ex:=4.30554pt
[144]

:tex2html_wrap_indisplay2390:lthtmlCropMarkHeight:=22.51328pt

:tex2html_wrap_indisplay2390:lthtmlCropMarkDepth:=8.80396pt:1ex:=4.30554pt
[145]

:tex2html_wrap_inline2392:lthtmlCropMarkHeight:=12.44444pt

:tex2html_wrap_inline2392:lthtmlCropMarkDepth:=1.35971pt:1ex:=4.30554pt
[146]

:tex2html_wrap_inline2394:lthtmlCropMarkHeight:=12.94444pt

:tex2html_wrap_inline2394:lthtmlCropMarkDepth:=1.94444pt:1ex:=4.30554pt
[147]

:tex2html_wrap_inline2396:lthtmlCropMarkHeight:=12.94444pt

:tex2html_wrap_inline2396:lthtmlCropMarkDepth:=1.94444pt:1ex:=4.30554pt
[148]

:tex2html_wrap_inline2398:lthtmlCropMarkHeight:=13.5pt

:tex2html_wrap_inline2398:lthtmlCropMarkDepth:=2.5pt:1ex:=4.30554pt
[149]

:tex2html_wrap_inline2400:lthtmlCropMarkHeight:=13.5pt

:tex2html_wrap_inline2400:lthtmlCropMarkDepth:=2.5pt:1ex:=4.30554pt
[150]

:tex2html_wrap_inline2402:lthtmlCropMarkHeight:=13.5pt

:tex2html_wrap_inline2402:lthtmlCropMarkDepth:=2.5pt:1ex:=4.30554pt
[151]

:tex2html_wrap_inline2404:lthtmlCropMarkHeight:=10.30554pt

:tex2html_wrap_inline2404:lthtmlCropMarkDepth:=1.94444pt:1ex:=4.30554pt
[152]

:tex2html_wrap_inline2406:lthtmlCropMarkHeight:=10.30554pt

:tex2html_wrap_inline2406:lthtmlCropMarkDepth:=1.94444pt:1ex:=4.30554pt
[153]

:tex2html_wrap_inline2410:lthtmlCropMarkHeight:=13.5pt

:tex2html_wrap_inline2410:lthtmlCropMarkDepth:=2.5pt:1ex:=4.30554pt
[154]

:tex2html_wrap_inline2412:lthtmlCropMarkHeight:=12.94444pt

:tex2html_wrap_inline2412:lthtmlCropMarkDepth:=0.0pt:1ex:=4.30554pt
[155]

:tex2html_wrap_inline2414:lthtmlCropMarkHeight:=13.5pt

:tex2html_wrap_inline2414:lthtmlCropMarkDepth:=2.5pt:1ex:=4.30554pt
[156]

:tex2html_wrap_inline2416:lthtmlCropMarkHeight:=12.44444pt

:tex2html_wrap_inline2416:lthtmlCropMarkDepth:=2.86108pt:1ex:=4.30554pt
[157]

:tex2html_wrap_inline2418:lthtmlCropMarkHeight:=12.94444pt

:tex2html_wrap_inline2418:lthtmlCropMarkDepth:=1.94444pt:1ex:=4.30554pt
[158]

:tex2html_wrap_inline2420:lthtmlCropMarkHeight:=12.94444pt

:tex2html_wrap_inline2420:lthtmlCropMarkDepth:=0.39098pt:1ex:=4.30554pt
[159]

:tex2html_wrap_inline2422:lthtmlCropMarkHeight:=12.94444pt

:tex2html_wrap_inline2422:lthtmlCropMarkDepth:=0.39098pt:1ex:=4.30554pt
[160]

:tex2html_wrap_inline2426:lthtmlCropMarkHeight:=12.94444pt

:tex2html_wrap_inline2426:lthtmlCropMarkDepth:=0.0pt:1ex:=4.30554pt
[161]

:tex2html_wrap_inline2428:lthtmlCropMarkHeight:=10.30554pt

:tex2html_wrap_inline2428:lthtmlCropMarkDepth:=1.94444pt:1ex:=4.30554pt
[162]

:tex2html_wrap_inline2431:lthtmlCropMarkHeight:=13.5pt

:tex2html_wrap_inline2431:lthtmlCropMarkDepth:=2.5pt:1ex:=4.30554pt
[163]

:tex2html_wrap_inline2433:lthtmlCropMarkHeight:=13.5pt

:tex2html_wrap_inline2433:lthtmlCropMarkDepth:=2.5pt:1ex:=4.30554pt
[164]

:tex2html_wrap_inline2435:lthtmlCropMarkHeight:=13.5pt

:tex2html_wrap_inline2435:lthtmlCropMarkDepth:=2.5pt:1ex:=4.30554pt
[165]

:tex2html_wrap_inline2437:lthtmlCropMarkHeight:=12.83331pt

:tex2html_wrap_inline2437:lthtmlCropMarkDepth:=1.49998pt:1ex:=4.30554pt
[166]

:tex2html_wrap_indisplay2439:lthtmlCropMarkHeight:=21.65013pt

:tex2html_wrap_indisplay2439:lthtmlCropMarkDepth:=9.11122pt:1ex:=4.30554pt
[167]

:tex2html_wrap_inline2441:lthtmlCropMarkHeight:=13.5pt

:tex2html_wrap_inline2441:lthtmlCropMarkDepth:=2.5pt:1ex:=4.30554pt
[168]

:tex2html_wrap_indisplay2442:lthtmlCropMarkHeight:=14.64003pt

:tex2html_wrap_indisplay2442:lthtmlCropMarkDepth:=2.5pt:1ex:=4.30554pt
[169]

:tex2html_wrap_indisplay2443:lthtmlCropMarkHeight:=21.65013pt

:tex2html_wrap_indisplay2443:lthtmlCropMarkDepth:=9.11122pt:1ex:=4.30554pt
[170]

:tex2html_wrap_indisplay2444:lthtmlCropMarkHeight:=21.65013pt

:tex2html_wrap_indisplay2444:lthtmlCropMarkDepth:=9.11122pt:1ex:=4.30554pt
[171]

:tex2html_wrap_inline2446:lthtmlCropMarkHeight:=12.83331pt

:tex2html_wrap_inline2446:lthtmlCropMarkDepth:=1.49998pt:1ex:=4.30554pt
[172]

:tex2html_wrap_inline2448:lthtmlCropMarkHeight:=12.83331pt

:tex2html_wrap_inline2448:lthtmlCropMarkDepth:=1.49998pt:1ex:=4.30554pt
[173]

:tex2html_wrap_indisplay2450:lthtmlCropMarkHeight:=14.64003pt

:tex2html_wrap_indisplay2450:lthtmlCropMarkDepth:=2.5pt:1ex:=4.30554pt
[174]

:tex2html_wrap_inline2452:lthtmlCropMarkHeight:=14.14003pt

:tex2html_wrap_inline2452:lthtmlCropMarkDepth:=2.5pt:1ex:=4.30554pt
[175]

:tex2html_wrap_inline2454:lthtmlCropMarkHeight:=13.5pt

:tex2html_wrap_inline2454:lthtmlCropMarkDepth:=2.5pt:1ex:=4.30554pt
[176]

:tex2html_wrap_indisplay2460:lthtmlCropMarkHeight:=21.65013pt

:tex2html_wrap_indisplay2460:lthtmlCropMarkDepth:=9.11122pt:1ex:=4.30554pt
[177]

:tex2html_wrap_inline2462:lthtmlCropMarkHeight:=13.5pt

:tex2html_wrap_inline2462:lthtmlCropMarkDepth:=2.5pt:1ex:=4.30554pt
[178]

:tex2html_wrap_inline2464:lthtmlCropMarkHeight:=13.5pt

:tex2html_wrap_inline2464:lthtmlCropMarkDepth:=2.5pt:1ex:=4.30554pt
[179]

:tex2html_wrap_inline2466:lthtmlCropMarkHeight:=13.5pt

:tex2html_wrap_inline2466:lthtmlCropMarkDepth:=2.5pt:1ex:=4.30554pt
[180]

:tex2html_wrap_indisplay2467:lthtmlCropMarkHeight:=14.64003pt

:tex2html_wrap_indisplay2467:lthtmlCropMarkDepth:=3.50006pt:1ex:=4.30554pt
[181]

:tex2html_wrap_indisplay2468:lthtmlCropMarkHeight:=21.65013pt

:tex2html_wrap_indisplay2468:lthtmlCropMarkDepth:=9.11122pt:1ex:=4.30554pt
[182]

:tex2html_wrap_indisplay2469:lthtmlCropMarkHeight:=21.65013pt

:tex2html_wrap_indisplay2469:lthtmlCropMarkDepth:=9.11122pt:1ex:=4.30554pt
[183]

:tex2html_wrap_indisplay2470:lthtmlCropMarkHeight:=21.65013pt

:tex2html_wrap_indisplay2470:lthtmlCropMarkDepth:=9.11122pt:1ex:=4.30554pt
[184]

:tex2html_wrap_inline2472:lthtmlCropMarkHeight:=13.5pt

:tex2html_wrap_inline2472:lthtmlCropMarkDepth:=2.5pt:1ex:=4.30554pt
[185]

:tex2html_wrap_inline2479:lthtmlCropMarkHeight:=13.5pt

:tex2html_wrap_inline2479:lthtmlCropMarkDepth:=2.86108pt:1ex:=4.30554pt
[186]

:tex2html_wrap_inline2482:lthtmlCropMarkHeight:=12.83331pt

:tex2html_wrap_inline2482:lthtmlCropMarkDepth:=1.49998pt:1ex:=4.30554pt
[187]

:tex2html_wrap_inline2484:lthtmlCropMarkHeight:=13.5pt

:tex2html_wrap_inline2484:lthtmlCropMarkDepth:=2.5pt:1ex:=4.30554pt
[188]

:tex2html_wrap_inline2486:lthtmlCropMarkHeight:=13.5pt

:tex2html_wrap_inline2486:lthtmlCropMarkDepth:=2.5pt:1ex:=4.30554pt
[189]

:tex2html_wrap_inline2488:lthtmlCropMarkHeight:=12.94444pt

:tex2html_wrap_inline2488:lthtmlCropMarkDepth:=0.39098pt:1ex:=4.30554pt
[190]

:tex2html_wrap_indisplay2489:lthtmlCropMarkHeight:=22.51393pt

:tex2html_wrap_indisplay2489:lthtmlCropMarkDepth:=12.67783pt:1ex:=4.30554pt
[191]

:tex2html_wrap_indisplay2490:lthtmlCropMarkHeight:=22.51393pt

:tex2html_wrap_indisplay2490:lthtmlCropMarkDepth:=12.67783pt:1ex:=4.30554pt
[192]

Package amsmath Warning: Foreign command \atop;
(amsmath)                \frac or \genfrac should be used instead
(amsmath)                 on input line 1349.


:tex2html_wrap_indisplay2491:lthtmlCropMarkHeight:=27.9001pt

:tex2html_wrap_indisplay2491:lthtmlCropMarkDepth:=12.67783pt:1ex:=4.30554pt
[193]

:tex2html_wrap_indisplay2492:lthtmlCropMarkHeight:=24.36115pt

:tex2html_wrap_indisplay2492:lthtmlCropMarkDepth:=13.02782pt:1ex:=4.30554pt
[194]

:tex2html_wrap_inline2494:lthtmlCropMarkHeight:=17.50008pt

:tex2html_wrap_inline2494:lthtmlCropMarkDepth:=6.50009pt:1ex:=4.30554pt
[195]

:tex2html_wrap_inline2496:lthtmlCropMarkHeight:=12.88889pt

:tex2html_wrap_inline2496:lthtmlCropMarkDepth:=0.39098pt:1ex:=4.30554pt
[196] (./images.aux)
 ***********
LaTeX2e <2023-11-01> patch level 1
L3 programming layer <2024-01-22>
 ***********
Package rerunfilecheck Info: File `images.out' has not changed.
(rerunfilecheck)             Checksum: D41D8CD98F00B204E9800998ECF8427E;0.
 ) 
Here is how much of TeX's memory you used:
 11883 strings out of 474222
 180908 string characters out of 5748734
 1933975 words of memory out of 5000000
 33790 multiletter control sequences out of 15000+600000
 560695 words of font info for 47 fonts, out of 8000000 for 9000
 1141 hyphenation exceptions out of 8191
 90i,16n,93p,340b,447s stack positions out of 10000i,1000n,20000p,200000b,200000s
</usr/share/texlive/texmf-dist/fonts/type1/public/amsfonts/cm/cmbx10.pfb></us
r/share/texlive/texmf-dist/fonts/type1/public/amsfonts/cm/cmex10.pfb></usr/shar
e/texlive/texmf-dist/fonts/type1/public/amsfonts/cmextra/cmex7.pfb></usr/share/
texlive/texmf-dist/fonts/type1/public/amsfonts/cm/cmmi10.pfb></usr/share/texliv
e/texmf-dist/fonts/type1/public/amsfonts/cm/cmmi5.pfb></usr/share/texlive/texmf
-dist/fonts/type1/public/amsfonts/cm/cmmi7.pfb></usr/share/texlive/texmf-dist/f
onts/type1/public/amsfonts/cm/cmr10.pfb></usr/share/texlive/texmf-dist/fonts/ty
pe1/public/amsfonts/cm/cmr5.pfb></usr/share/texlive/texmf-dist/fonts/type1/publ
ic/amsfonts/cm/cmr7.pfb></usr/share/texlive/texmf-dist/fonts/type1/public/amsfo
nts/cm/cmsy10.pfb></usr/share/texlive/texmf-dist/fonts/type1/public/amsfonts/cm
/cmsy5.pfb></usr/share/texlive/texmf-dist/fonts/type1/public/amsfonts/cm/cmsy7.
pfb></usr/share/texlive/texmf-dist/fonts/type1/public/amsfonts/symbols/msam10.p
fb></usr/share/texlive/texmf-dist/fonts/type1/public/amsfonts/symbols/msam7.pfb
></usr/share/texlive/texmf-dist/fonts/type1/public/amsfonts/symbols/msbm10.pfb>
Output written on images.pdf (196 pages, 220637 bytes).
PDF statistics:
 952 PDF objects out of 1000 (max. 8388607)
 716 compressed objects within 8 object streams
 196 named destinations out of 1000 (max. 500000)
 1 words of extra memory for PDF output out of 10000 (max. 10000000)

